tester
tests
tests-out
test-witsshell.sh
witsshell
witsshell.c
