concurrency-mapreduce
concurrency-pzip
concurrency-webserver
concurrency-xv6-threads
filesystems-checker
filesystems-distributed
initial-kv
initial-reverse
initial-utilities
initial-xv6
INSTALL-xv6.md
processes-shell
README.md
scheduling-xv6-lottery
tester
vm-xv6-intro
